[INFO] Scanning for projects...
[INFO] 
[INFO] ------------------------< com.caosmos:caosmos >-------------------------
[INFO] Building caosmos 0.0.1-SNAPSHOT
[INFO]   from pom.xml
[INFO] --------------------------------[ jar ]---------------------------------
[INFO] 
[INFO] --- resources:3.3.1:resources (default-resources) @ caosmos ---
[INFO] Copying 1 resource from src\main\resources to target\classes
[INFO] Copying 5 resources from src\main\resources to target\classes
[INFO] 
[INFO] --- compiler:3.14.1:compile (default-compile) @ caosmos ---
[INFO] Nothing to compile - all classes are up to date.
[INFO] 
[INFO] --- resources:3.3.1:testResources (default-testResources) @ caosmos ---
[INFO] skip non existing resourceDirectory D:\Proyectos\caosmos\src\test\resources
[INFO] 
[INFO] --- compiler:3.14.1:testCompile (default-testCompile) @ caosmos ---
[INFO] Nothing to compile - all classes are up to date.
[INFO] 
[INFO] --- surefire:3.5.4:test (default-test) @ caosmos ---
[INFO] Using auto detected provider org.apache.maven.surefire.junitplatform.JUnitPlatformProvider
[INFO] 
[INFO] -------------------------------------------------------
[INFO]  T E S T S
[INFO] -------------------------------------------------------
[INFO] Running com.caosmos.ArchitectureTests
23:25:29.066 [main] INFO com.tngtech.archunit.core.PluginLoader -- Detected Java version 25.0.1
[ERROR] Tests run: 2, Failures: 1, Errors: 0, Skipped: 0, Time elapsed: 3.960 s <<< FAILURE! -- in com.caosmos.ArchitectureTests
[ERROR] com.caosmos.ArchitectureTests.verifyLayeredArchitecture -- Time elapsed: 1.209 s <<< FAILURE!
java.lang.AssertionError: 
Architecture Violation [Priority: MEDIUM] - Rule 'Layered architecture considering all dependencies, consisting of
layer 'Domain' ('..domain..')
layer 'Application' ('..application..')
layer 'Infrastructure' ('..infrastructure..')
where layer 'Domain' may only be accessed by layers ['Application', 'Infrastructure']
where layer 'Application' may only be accessed by layers ['Infrastructure']
where layer 'Infrastructure' may not be accessed by any layer' was violated (7 times):
Method <com.caosmos.citizens.application.usecases.GetCitizenDetailUseCase.execute(java.util.UUID)> calls constructor <com.caosmos.citizens.infrastructure.rest.dto.CitizenDetailDto.<init>(com.caosmos.citizens.domain.model.perception.CitizenPerception, com.caosmos.citizens.domain.model.perception.LastAction, java.util.Collection, java.lang.String)> in (GetCitizenDetailUseCase.java:28)
Method <com.caosmos.citizens.application.usecases.GetCitizenDetailUseCase.execute(java.util.UUID)> has generic return type <java.util.Optional<com.caosmos.citizens.infrastructure.rest.dto.CitizenDetailDto>> with type argument depending on <com.caosmos.citizens.infrastructure.rest.dto.CitizenDetailDto> in (GetCitizenDetailUseCase.java:0)
Method <com.caosmos.citizens.application.usecases.GetCitizensUseCase.execute(java.lang.Double, java.lang.Double, java.lang.Double, java.lang.Double, int)> calls constructor <com.caosmos.citizens.infrastructure.rest.dto.CitizenSummaryDto.<init>(java.util.UUID, java.lang.String, double, double, double, java.lang.String, java.lang.String, int)> in (GetCitizensUseCase.java:57)
Method <com.caosmos.world.application.usecases.GetWorldEntitiesUseCase.execute(java.lang.Double, java.lang.Double, java.lang.Double, java.lang.Double, int, java.lang.String)> calls constructor <com.caosmos.world.infrastructure.rest.dto.WorldEntitiesResponse.<init>(long, java.util.List)> in (GetWorldEntitiesUseCase.java:51)
Method <com.caosmos.world.application.usecases.GetWorldEntitiesUseCase.execute(java.lang.Double, java.lang.Double, java.lang.Double, java.lang.Double, int, java.lang.String)> has return type <com.caosmos.world.infrastructure.rest.dto.WorldEntitiesResponse> in (GetWorldEntitiesUseCase.java:0)
Method <com.caosmos.world.application.usecases.GetWorldEnvironmentUseCase.execute()> calls constructor <com.caosmos.world.infrastructure.rest.dto.WorldEnvironmentResponse.<init>(com.caosmos.common.domain.model.world.WorldDate, com.caosmos.common.domain.model.world.Environment)> in (GetWorldEnvironmentUseCase.java:20)
Method <com.caosmos.world.application.usecases.GetWorldEnvironmentUseCase.execute()> has return type <com.caosmos.world.infrastructure.rest.dto.WorldEnvironmentResponse> in (GetWorldEnvironmentUseCase.java:0)
	at com.tngtech.archunit.lang.ArchRule$Assertions.assertNoViolation(ArchRule.java:94)
	at com.tngtech.archunit.lang.ArchRule$Assertions.check(ArchRule.java:86)
	at com.tngtech.archunit.library.Architectures$LayeredArchitecture.check(Architectures.java:347)
	at com.caosmos.ArchitectureTests.verifyLayeredArchitecture(ArchitectureTests.java:34)

[INFO] Running com.caosmos.CaosmosApplicationTests
23:25:32.585 [main] INFO org.springframework.test.context.support.AnnotationConfigContextLoaderUtils -- Could not detect default configuration classes for test class [com.caosmos.CaosmosApplicationTests]: CaosmosApplicationTests does not declare any static, non-private, non-final, nested classes annotated with @Configuration.
23:25:32.744 [main] INFO org.springframework.boot.test.context.SpringBootTestContextBootstrapper -- Found @SpringBootConfiguration com.caosmos.CaosmosApplication for test class com.caosmos.CaosmosApplicationTests

  .   ____          _            __ _ _
 /\\ / ___'_ __ _ _(_)_ __  __ _ \ \ \ \
( ( )\___ | '_ | '_| | '_ \/ _` | \ \ \ \
 \\/  ___)| |_)| | | | | || (_| |  ) ) ) )
  '  |____| .__|_| |_|_| |_\__, | / / / /
 =========|_|==============|___/=/_/_/_/

 :: Spring Boot ::                (v4.0.3)

2026-03-22T23:25:33.054+01:00  INFO 25660 --- [caosmos] [           main] com.caosmos.CaosmosApplicationTests      : Starting CaosmosApplicationTests using Java 25.0.1 with PID 25660 (started by alexp in D:\Proyectos\caosmos)
2026-03-22T23:25:33.055+01:00  INFO 25660 --- [caosmos] [           main] com.caosmos.CaosmosApplicationTests      : No active profile set, falling back to 1 default profile: "default"
2026-03-22T23:25:34.847+01:00  INFO 25660 --- [caosmos] [           main] c.c.w.a.WorldObjectInitializer           : Initializing default world objects
2026-03-22T23:25:34.848+01:00  INFO 25660 --- [caosmos] [           main] c.c.c.infrastructure.JsonLoaderService   : Loading WorldObjectsConfig from JSON configuration
2026-03-22T23:25:34.907+01:00  INFO 25660 --- [caosmos] [           main] c.c.c.infrastructure.JsonLoaderService   : Successfully loaded WorldObjectsConfig object
2026-03-22T23:25:34.909+01:00  INFO 25660 --- [caosmos] [           main] c.c.w.a.WorldObjectInitializer           : Successfully initialized 36 world objects in spatial hash
2026-03-22T23:25:34.913+01:00  INFO 25660 --- [caosmos] [           main] c.c.w.a.WorldObjectInitializer           : Initializing default world objects
2026-03-22T23:25:34.913+01:00  INFO 25660 --- [caosmos] [           main] c.c.c.infrastructure.JsonLoaderService   : Loading WorldObjectsConfig from JSON configuration
2026-03-22T23:25:34.917+01:00  INFO 25660 --- [caosmos] [           main] c.c.c.infrastructure.JsonLoaderService   : Successfully loaded WorldObjectsConfig object
2026-03-22T23:25:34.918+01:00  INFO 25660 --- [caosmos] [           main] c.c.w.a.WorldObjectInitializer           : Successfully initialized 36 world objects in spatial hash
2026-03-22T23:25:34.967+01:00  INFO 25660 --- [caosmos] [           main] c.c.world.application.ZoneInitializer    : Initializing default zones
2026-03-22T23:25:34.968+01:00  INFO 25660 --- [caosmos] [           main] c.c.c.infrastructure.JsonLoaderService   : Loading ZonesConfig from JSON configuration
2026-03-22T23:25:34.972+01:00  INFO 25660 --- [caosmos] [           main] c.c.c.infrastructure.JsonLoaderService   : Successfully loaded ZonesConfig object
2026-03-22T23:25:34.973+01:00  INFO 25660 --- [caosmos] [           main] c.c.world.application.ZoneInitializer    : Successfully initialized 6 zones
2026-03-22T23:25:35.789+01:00  INFO 25660 --- [caosmos] [           main] o.s.s.config.TaskSchedulerRouter         : No TaskScheduler/ScheduledExecutorService bean found for scheduled processing
2026-03-22T23:25:35.795+01:00  INFO 25660 --- [caosmos] [           main] com.caosmos.CaosmosApplicationTests      : Started CaosmosApplicationTests in 2.974 seconds (process running for 7.984)
2026-03-22T23:25:35.798+01:00  WARN 25660 --- [caosmos] [           main] o.s.core.events.SpringDocAppInitializer  : SpringDoc /v3/api-docs endpoint is enabled by default. To disable it in production, set the property 'springdoc.api-docs.enabled=false'
2026-03-22T23:25:35.798+01:00  WARN 25660 --- [caosmos] [           main] o.s.core.events.SpringDocAppInitializer  : SpringDoc /swagger-ui.html endpoint is enabled by default. To disable it in production, set the property 'springdoc.swagger-ui.enabled=false'
2026-03-22T23:25:35.798+01:00  INFO 25660 --- [caosmos] [           main] c.c.c.a.s.SimulationStartupOrchestrator  : [STARTUP] --- Beginning Caosmos Genesis Sequence ---
2026-03-22T23:25:35.798+01:00  INFO 25660 --- [caosmos] [           main] c.c.c.a.s.SimulationStartupOrchestrator  : [STARTUP] Step 1: Loading all agent manifests...
2026-03-22T23:25:35.810+01:00  INFO 25660 --- [caosmos] [           main] c.c.c.i.manifest.ManifestService         : [MANIFEST] Loaded manifest: alice_worker.md
2026-03-22T23:25:35.811+01:00 ERROR 25660 --- [caosmos] [           main] c.c.c.i.manifest.ManifestService         : [MANIFEST] Error parsing manifest HELP.md: Invalid manifest format
2026-03-22T23:25:35.819+01:00  INFO 25660 --- [caosmos] [           main] c.c.c.i.manifest.ManifestWatcher         : [WATCHER] Started watching for manifest changes
2026-03-22T23:25:35.819+01:00  INFO 25660 --- [caosmos] [           main] c.c.c.a.s.SimulationStartupOrchestrator  : [STARTUP] Step 2: Spawning initial population...
2026-03-22T23:25:35.819+01:00  INFO 25660 --- [caosmos] [           main] c.c.c.a.CitizenPopulationService         : [POPULATION] Initializing global spawn sequence...
2026-03-22T23:25:35.821+01:00  INFO 25660 --- [caosmos] [           main] c.c.c.a.CitizenPopulationService         : [POPULATION] Spawning citizen 358de5e7-8bbd-45a9-a102-3ca072193b2d from manifest alice_worker.md
2026-03-22T23:25:35.848+01:00  INFO 25660 --- [caosmos] [           main] c.c.c.a.CitizenPopulationService         : [POPULATION] Global spawn complete. Total citizens: 1
2026-03-22T23:25:35.849+01:00  INFO 25660 --- [caosmos] [           main] c.c.c.a.s.SimulationStartupOrchestrator  : [STARTUP] Step 3: Starting the Master Ticker...
2026-03-22T23:25:35.849+01:00  INFO 25660 --- [caosmos] [           main] c.c.common.infrastructure.MasterTicker   : Starting the Primordial Pulse of Caosmos...
2026-03-22T23:25:35.850+01:00  INFO 25660 --- [caosmos] [           main] c.c.c.a.s.SimulationStartupOrchestrator  : [STARTUP] --- Genesis Sequence Complete. Caosmos is now LIVE ---
.\mvnw.cmd : Mockito is currently self-attaching to 
enable the inline-mock-maker. This will no longer work 
in future releases of the JDK. Please add Mockito as an 
agent to your build as described in Mockito's 
documentation: https://javadoc.io/doc/org.mockito/mockito
-core/latest/org.mockito/org/mockito/Mockito.html#0.3
En línea: 1 Carácter: 1
+ .\mvnw.cmd test > test_output.log 2>&1
+ ~~~~~~~~~~~~~~~~~~~~~~~~~~~~~~~~~~~~~~
    + CategoryInfo          : NotSpecified: (Mockito is  
   curr...ockito.html#0.3:String) [], RemoteException
    + FullyQualifiedErrorId : NativeCommandError
 
Java HotSpot(TM) 64-Bit Server VM warning: Sharing is 
only supported for boot loader classes because bootstrap 
classpath has been appended
WARNING: A Java agent has been loaded dynamically (C:\Use
rs\alexp\.m2\repository\net\bytebuddy\byte-buddy-agent\1.
17.8\byte-buddy-agent-1.17.8.jar)
WARNING: If a serviceability tool is in use, please run 
with -XX:+EnableDynamicAgentLoading to hide this warning
WARNING: If a serviceability tool is not in use, please 
run with -Djdk.instrument.traceUsage for more information
WARNING: Dynamic loading of agents will be disallowed by 
default in a future release
[INFO] Tests run: 1, Failures: 0, Errors: 0, Skipped: 0, Time elapsed: 3.977 s -- in com.caosmos.CaosmosApplicationTests
[INFO] Running com.caosmos.citizens.application.CitizenRegistryTest
[INFO] Tests run: 2, Failures: 0, Errors: 0, Skipped: 0, Time elapsed: 0.217 s -- in com.caosmos.citizens.application.CitizenRegistryTest
[INFO] Running com.caosmos.citizens.domain.model.task.MoveToTargetTaskTest
2026-03-22T23:25:36.870+01:00  INFO 25660 --- [caosmos] [           main] c.c.c.d.model.task.MoveToTargetTask      : Citizen 806c2685-246d-4729-9291-5a5e7de75a82 reached target Vector3[x=10.0, y=0.0, z=0.0]
2026-03-22T23:25:36.900+01:00 DEBUG 25660 --- [caosmos] [           main] c.c.c.d.model.task.MoveToTargetTask      : Citizen bd3f7024-1cfa-4a88-a7f3-8fb7461ff614 moved towards Vector3[x=10.0, y=0.0, z=0.0]. New pos: Vector3[x=2.8, y=0.0, z=0.0]
[INFO] Tests run: 2, Failures: 0, Errors: 0, Skipped: 0, Time elapsed: 0.189 s -- in com.caosmos.citizens.domain.model.task.MoveToTargetTaskTest
[INFO] Running com.caosmos.world.domain.service.DirectionCalculatorTest
[INFO] Tests run: 1, Failures: 0, Errors: 0, Skipped: 0, Time elapsed: 0.010 s -- in com.caosmos.world.domain.service.DirectionCalculatorTest
[INFO] 
[INFO] Results:
[INFO] 
[ERROR] Failures: 
[ERROR]   ArchitectureTests.verifyLayeredArchitecture:34 Architecture Violation [Priority: MEDIUM] - Rule 'Layered architecture considering all dependencies, consisting of
layer 'Domain' ('..domain..')
layer 'Application' ('..application..')
layer 'Infrastructure' ('..infrastructure..')
where layer 'Domain' may only be accessed by layers ['Application', 'Infrastructure']
where layer 'Application' may only be accessed by layers ['Infrastructure']
where layer 'Infrastructure' may not be accessed by any layer' was violated (7 times):
Method <com.caosmos.citizens.application.usecases.GetCitizenDetailUseCase.execute(java.util.UUID)> calls constructor <com.caosmos.citizens.infrastructure.rest.dto.CitizenDetailDto.<init>(com.caosmos.citizens.domain.model.perception.CitizenPerception, com.caosmos.citizens.domain.model.perception.LastAction, java.util.Collection, java.lang.String)> in (GetCitizenDetailUseCase.java:28)
Method <com.caosmos.citizens.application.usecases.GetCitizenDetailUseCase.execute(java.util.UUID)> has generic return type <java.util.Optional<com.caosmos.citizens.infrastructure.rest.dto.CitizenDetailDto>> with type argument depending on <com.caosmos.citizens.infrastructure.rest.dto.CitizenDetailDto> in (GetCitizenDetailUseCase.java:0)
Method <com.caosmos.citizens.application.usecases.GetCitizensUseCase.execute(java.lang.Double, java.lang.Double, java.lang.Double, java.lang.Double, int)> calls constructor <com.caosmos.citizens.infrastructure.rest.dto.CitizenSummaryDto.<init>(java.util.UUID, java.lang.String, double, double, double, java.lang.String, java.lang.String, int)> in (GetCitizensUseCase.java:57)
Method <com.caosmos.world.application.usecases.GetWorldEntitiesUseCase.execute(java.lang.Double, java.lang.Double, java.lang.Double, java.lang.Double, int, java.lang.String)> calls constructor <com.caosmos.world.infrastructure.rest.dto.WorldEntitiesResponse.<init>(long, java.util.List)> in (GetWorldEntitiesUseCase.java:51)
Method <com.caosmos.world.application.usecases.GetWorldEntitiesUseCase.execute(java.lang.Double, java.lang.Double, java.lang.Double, java.lang.Double, int, java.lang.String)> has return type <com.caosmos.world.infrastructure.rest.dto.WorldEntitiesResponse> in (GetWorldEntitiesUseCase.java:0)
Method <com.caosmos.world.application.usecases.GetWorldEnvironmentUseCase.execute()> calls constructor <com.caosmos.world.infrastructure.rest.dto.WorldEnvironmentResponse.<init>(com.caosmos.common.domain.model.world.WorldDate, com.caosmos.common.domain.model.world.Environment)> in (GetWorldEnvironmentUseCase.java:20)
Method <com.caosmos.world.application.usecases.GetWorldEnvironmentUseCase.execute()> has return type <com.caosmos.world.infrastructure.rest.dto.WorldEnvironmentResponse> in (GetWorldEnvironmentUseCase.java:0)
[INFO] 
[ERROR] Tests run: 8, Failures: 1, Errors: 0, Skipped: 0
[INFO] 
[INFO] ------------------------------------------------------------------------
[INFO] BUILD FAILURE
[INFO] ------------------------------------------------------------------------
[INFO] Total time:  11.624 s
[INFO] Finished at: 2026-03-22T23:25:37+01:00
[INFO] ------------------------------------------------------------------------
[ERROR] Failed to execute goal org.apache.maven.plugins:maven-surefire-plugin:3.5.4:test (default-test) on project caosmos: There are test failures.
[ERROR] 
[ERROR] See D:\Proyectos\caosmos\target\surefire-reports for the individual test results.
[ERROR] See dump files (if any exist) [date].dump, [date]-jvmRun[N].dump and [date].dumpstream.
[ERROR] -> [Help 1]
[ERROR] 
[ERROR] To see the full stack trace of the errors, re-run Maven with the -e switch.
[ERROR] Re-run Maven using the -X switch to enable full debug logging.
[ERROR] 
[ERROR] For more information about the errors and possible solutions, please read the following articles:
[ERROR] [Help 1] http://cwiki.apache.org/confluence/display/MAVEN/MojoFailureException
